// Jest Snapshot v1, https://goo.gl/fbAQLP

exports[`<UserDropdownComponent /> does not render if session null 1`] = `
ShallowWrapper {
  "length": 1,
  Symbol(enzyme.__root__): [Circular],
  Symbol(enzyme.__unrendered__): <UserDropdownComponent
    session={null}
/>,
  Symbol(enzyme.__renderer__): Object {
    "batchedUpdates": [Function],
    "getNode": [Function],
    "render": [Function],
    "simulateEvent": [Function],
    "unmount": [Function],
  },
  Symbol(enzyme.__node__): null,
  Symbol(enzyme.__nodes__): Array [
    null,
  ],
  Symbol(enzyme.__options__): Object {
    "adapter": ReactSixteenAdapter {
      "options": Object {
        "enableComponentDidUpdateOnSetState": true,
      },
    },
  },
}
`;

exports[`<UserDropdownComponent /> renders correctly 1`] = `
ShallowWrapper {
  "length": 1,
  Symbol(enzyme.__root__): [Circular],
  Symbol(enzyme.__unrendered__): <UserDropdownComponent
    session={
        Object {
            "authToken": "test",
            "login": "test",
            "profileImageUrl": "test.png",
          }
    }
/>,
  Symbol(enzyme.__renderer__): Object {
    "batchedUpdates": [Function],
    "getNode": [Function],
    "render": [Function],
    "simulateEvent": [Function],
    "unmount": [Function],
  },
  Symbol(enzyme.__node__): Object {
    "instance": null,
    "key": undefined,
    "nodeType": "host",
    "props": Object {
      "children": Array [
        <div
          className="user-dropdown__name-container"
>
          <img
                    alt="test"
                    className="user-dropdown__image"
                    src="test.png"
          />
          <div
                    className="user-dropdown__username"
          >
                    test
          </div>
</div>,
        <div
          className="user-dropdown__menu transition"
>
          <ul>
                    <li>
                              <a
                                        href="https://dev.twitch.tv/dashboard/extensions"
                                        target="_blank"
                              >
                                        Extensions Dashboard
                              </a>
                    </li>
                    <li>
                              <a
                                        href="https://dev.twitch.tv/docs/extensions/"
                                        target="_blank"
                              >
                                        Documentation
                              </a>
                    </li>
                    <li
                              onClick={[Function]}
                    >
                              Sign Out
                    </li>
          </ul>
</div>,
      ],
      "className": "user-dropdown",
      "onClick": [Function],
      "tabIndex": 0,
    },
    "ref": null,
    "rendered": Array [
      Object {
        "instance": null,
        "key": undefined,
        "nodeType": "host",
        "props": Object {
          "children": Array [
            <img
              alt="test"
              className="user-dropdown__image"
              src="test.png"
/>,
            <div
              className="user-dropdown__username"
>
              test
</div>,
          ],
          "className": "user-dropdown__name-container",
        },
        "ref": null,
        "rendered": Array [
          Object {
            "instance": null,
            "key": undefined,
            "nodeType": "host",
            "props": Object {
              "alt": "test",
              "className": "user-dropdown__image",
              "src": "test.png",
            },
            "ref": null,
            "rendered": null,
            "type": "img",
          },
          Object {
            "instance": null,
            "key": undefined,
            "nodeType": "host",
            "props": Object {
              "children": "test",
              "className": "user-dropdown__username",
            },
            "ref": null,
            "rendered": "test",
            "type": "div",
          },
        ],
        "type": "div",
      },
      Object {
        "instance": null,
        "key": undefined,
        "nodeType": "host",
        "props": Object {
          "children": <ul>
            <li>
                        <a
                                    href="https://dev.twitch.tv/dashboard/extensions"
                                    target="_blank"
                        >
                                    Extensions Dashboard
                        </a>
            </li>
            <li>
                        <a
                                    href="https://dev.twitch.tv/docs/extensions/"
                                    target="_blank"
                        >
                                    Documentation
                        </a>
            </li>
            <li
                        onClick={[Function]}
            >
                        Sign Out
            </li>
</ul>,
          "className": "user-dropdown__menu transition",
        },
        "ref": null,
        "rendered": Object {
          "instance": null,
          "key": undefined,
          "nodeType": "host",
          "props": Object {
            "children": Array [
              <li>
                <a
                                href="https://dev.twitch.tv/dashboard/extensions"
                                target="_blank"
                >
                                Extensions Dashboard
                </a>
</li>,
              <li>
                <a
                                href="https://dev.twitch.tv/docs/extensions/"
                                target="_blank"
                >
                                Documentation
                </a>
</li>,
              <li
                onClick={[Function]}
>
                Sign Out
</li>,
            ],
          },
          "ref": null,
          "rendered": Array [
            Object {
              "instance": null,
              "key": undefined,
              "nodeType": "host",
              "props": Object {
                "children": <a
                  href="https://dev.twitch.tv/dashboard/extensions"
                  target="_blank"
>
                  Extensions Dashboard
</a>,
              },
              "ref": null,
              "rendered": Object {
                "instance": null,
                "key": undefined,
                "nodeType": "host",
                "props": Object {
                  "children": "Extensions Dashboard",
                  "href": "https://dev.twitch.tv/dashboard/extensions",
                  "target": "_blank",
                },
                "ref": null,
                "rendered": "Extensions Dashboard",
                "type": "a",
              },
              "type": "li",
            },
            Object {
              "instance": null,
              "key": undefined,
              "nodeType": "host",
              "props": Object {
                "children": <a
                  href="https://dev.twitch.tv/docs/extensions/"
                  target="_blank"
>
                  Documentation
</a>,
              },
              "ref": null,
              "rendered": Object {
                "instance": null,
                "key": undefined,
                "nodeType": "host",
                "props": Object {
                  "children": "Documentation",
                  "href": "https://dev.twitch.tv/docs/extensions/",
                  "target": "_blank",
                },
                "ref": null,
                "rendered": "Documentation",
                "type": "a",
              },
              "type": "li",
            },
            Object {
              "instance": null,
              "key": undefined,
              "nodeType": "host",
              "props": Object {
                "children": "Sign Out",
                "onClick": [Function],
              },
              "ref": null,
              "rendered": "Sign Out",
              "type": "li",
            },
          ],
          "type": "ul",
        },
        "type": "div",
      },
    ],
    "type": "div",
  },
  Symbol(enzyme.__nodes__): Array [
    Object {
      "instance": null,
      "key": undefined,
      "nodeType": "host",
      "props": Object {
        "children": Array [
          <div
            className="user-dropdown__name-container"
>
            <img
                        alt="test"
                        className="user-dropdown__image"
                        src="test.png"
            />
            <div
                        className="user-dropdown__username"
            >
                        test
            </div>
</div>,
          <div
            className="user-dropdown__menu transition"
>
            <ul>
                        <li>
                                    <a
                                                href="https://dev.twitch.tv/dashboard/extensions"
                                                target="_blank"
                                    >
                                                Extensions Dashboard
                                    </a>
                        </li>
                        <li>
                                    <a
                                                href="https://dev.twitch.tv/docs/extensions/"
                                                target="_blank"
                                    >
                                                Documentation
                                    </a>
                        </li>
                        <li
                                    onClick={[Function]}
                        >
                                    Sign Out
                        </li>
            </ul>
</div>,
        ],
        "className": "user-dropdown",
        "onClick": [Function],
        "tabIndex": 0,
      },
      "ref": null,
      "rendered": Array [
        Object {
          "instance": null,
          "key": undefined,
          "nodeType": "host",
          "props": Object {
            "children": Array [
              <img
                alt="test"
                className="user-dropdown__image"
                src="test.png"
/>,
              <div
                className="user-dropdown__username"
>
                test
</div>,
            ],
            "className": "user-dropdown__name-container",
          },
          "ref": null,
          "rendered": Array [
            Object {
              "instance": null,
              "key": undefined,
              "nodeType": "host",
              "props": Object {
                "alt": "test",
                "className": "user-dropdown__image",
                "src": "test.png",
              },
              "ref": null,
              "rendered": null,
              "type": "img",
            },
            Object {
              "instance": null,
              "key": undefined,
              "nodeType": "host",
              "props": Object {
                "children": "test",
                "className": "user-dropdown__username",
              },
              "ref": null,
              "rendered": "test",
              "type": "div",
            },
          ],
          "type": "div",
        },
        Object {
          "instance": null,
          "key": undefined,
          "nodeType": "host",
          "props": Object {
            "children": <ul>
              <li>
                            <a
                                          href="https://dev.twitch.tv/dashboard/extensions"
                                          target="_blank"
                            >
                                          Extensions Dashboard
                            </a>
              </li>
              <li>
                            <a
                                          href="https://dev.twitch.tv/docs/extensions/"
                                          target="_blank"
                            >
                                          Documentation
                            </a>
              </li>
              <li
                            onClick={[Function]}
              >
                            Sign Out
              </li>
</ul>,
            "className": "user-dropdown__menu transition",
          },
          "ref": null,
          "rendered": Object {
            "instance": null,
            "key": undefined,
            "nodeType": "host",
            "props": Object {
              "children": Array [
                <li>
                  <a
                                    href="https://dev.twitch.tv/dashboard/extensions"
                                    target="_blank"
                  >
                                    Extensions Dashboard
                  </a>
</li>,
                <li>
                  <a
                                    href="https://dev.twitch.tv/docs/extensions/"
                                    target="_blank"
                  >
                                    Documentation
                  </a>
</li>,
                <li
                  onClick={[Function]}
>
                  Sign Out
</li>,
              ],
            },
            "ref": null,
            "rendered": Array [
              Object {
                "instance": null,
                "key": undefined,
                "nodeType": "host",
                "props": Object {
                  "children": <a
                    href="https://dev.twitch.tv/dashboard/extensions"
                    target="_blank"
>
                    Extensions Dashboard
</a>,
                },
                "ref": null,
                "rendered": Object {
                  "instance": null,
                  "key": undefined,
                  "nodeType": "host",
                  "props": Object {
                    "children": "Extensions Dashboard",
                    "href": "https://dev.twitch.tv/dashboard/extensions",
                    "target": "_blank",
                  },
                  "ref": null,
                  "rendered": "Extensions Dashboard",
                  "type": "a",
                },
                "type": "li",
              },
              Object {
                "instance": null,
                "key": undefined,
                "nodeType": "host",
                "props": Object {
                  "children": <a
                    href="https://dev.twitch.tv/docs/extensions/"
                    target="_blank"
>
                    Documentation
</a>,
                },
                "ref": null,
                "rendered": Object {
                  "instance": null,
                  "key": undefined,
                  "nodeType": "host",
                  "props": Object {
                    "children": "Documentation",
                    "href": "https://dev.twitch.tv/docs/extensions/",
                    "target": "_blank",
                  },
                  "ref": null,
                  "rendered": "Documentation",
                  "type": "a",
                },
                "type": "li",
              },
              Object {
                "instance": null,
                "key": undefined,
                "nodeType": "host",
                "props": Object {
                  "children": "Sign Out",
                  "onClick": [Function],
                },
                "ref": null,
                "rendered": "Sign Out",
                "type": "li",
              },
            ],
            "type": "ul",
          },
          "type": "div",
        },
      ],
      "type": "div",
    },
  ],
  Symbol(enzyme.__options__): Object {
    "adapter": ReactSixteenAdapter {
      "options": Object {
        "enableComponentDidUpdateOnSetState": true,
      },
    },
  },
}
`;
